\BOOKMARK [1][-]{section.1}{\376\377\133\236\232\214\116\313\176\315}{}% 1
\BOOKMARK [2][-]{subsection.1.1}{\376\377\133\236\232\214\166\356\166\204}{section.1}% 2
\BOOKMARK [2][-]{subsection.1.2}{\376\377\225\356\230\230\143\317\217\360}{section.1}% 3
\BOOKMARK [2][-]{subsection.1.3}{\376\377\122\006\135\345}{section.1}% 4
\BOOKMARK [1][-]{section.2}{\376\377\127\372\170\100\211\201\154\102}{}% 5
\BOOKMARK [2][-]{subsection.2.1}{\376\377\116\206\211\343\177\026\213\321\126\150\135\345\117\134\217\307\172\013}{section.2}% 6
\BOOKMARK [3][-]{subsubsection.2.1.1}{\376\377\133\214\145\164\166\204\177\026\213\321\217\307\172\013}{subsection.2.1}% 7
\BOOKMARK [3][-]{subsubsection.2.1.2}{\376\377\230\204\131\004\164\006\126\150}{subsection.2.1}% 8
\BOOKMARK [3][-]{subsubsection.2.1.3}{\376\377\177\026\213\321\126\150}{subsection.2.1}% 9
\BOOKMARK [3][-]{subsubsection.2.1.4}{\376\377\154\107\177\026\126\150}{subsection.2.1}% 10
\BOOKMARK [3][-]{subsubsection.2.1.5}{\376\377\224\376\143\245\126\150}{subsection.2.1}% 11
\BOOKMARK [2][-]{subsection.2.2}{\376\377\161\237\140\211\000L\000L\000V\000M\000\040\000I\000R\116\055\225\364\213\355\212\000}{section.2}% 12
\BOOKMARK [3][-]{subsubsection.2.2.1}{\376\377\133\236\232\214\172\013\136\217}{subsection.2.2}% 13
\BOOKMARK [3][-]{subsubsection.2.2.2}{\376\377\177\026\213\321\116\016\224\376\143\245}{subsection.2.2}% 14
\BOOKMARK [3][-]{subsubsection.2.2.3}{\376\377\217\320\210\114\232\214\213\301}{subsection.2.2}% 15
\BOOKMARK [2][-]{subsection.2.3}{\376\377\161\237\140\211\154\107\177\026\213\355\212\000}{section.2}% 16
\BOOKMARK [3][-]{subsubsection.2.3.1}{\376\377\133\236\232\214\172\013\136\217}{subsection.2.3}% 17
\BOOKMARK [3][-]{subsubsection.2.3.2}{\376\377\217\320\210\114\232\214\213\301}{subsection.2.3}% 18
\BOOKMARK [3][-]{subsubsection.2.3.3}{\376\377\123\315\154\107\177\026\232\214\213\301}{subsection.2.3}% 19
\BOOKMARK [1][-]{section.3}{\376\377\217\333\226\066\211\201\154\102}{}% 20
\BOOKMARK [2][-]{subsection.3.1}{\376\377\133\236\232\214\166\356\166\204}{section.3}% 21
\BOOKMARK [2][-]{subsection.3.2}{\376\377\133\236\232\214\217\307\172\013}{section.3}% 22
\BOOKMARK [1][-]{section.4}{\376\377\140\073\176\323}{}% 23
